// Jest Snapshot v1, https://goo.gl/fbAQLP

exports[`TextLayerDialog Component matches the snapshot of the component 1`] = `<DocumentFragment />`;
